// Jest Snapshot v1, https://goo.gl/fbAQLP

exports[`<ToDoList /> Snapshot test for ToDoList 1`] = `
<div
  className="module-list"
>
  <div
    className="module-list-scroll scrollbar"
    style={
      Object {
        "height": "calc(100vh - 238px)",
        "overflow": "hidden",
        "position": "relative",
        "width": "100%",
      }
    }
  >
    <div
      style={
        Object {
          "WebkitOverflowScrolling": "touch",
          "bottom": 0,
          "left": 0,
          "marginBottom": 0,
          "marginRight": 0,
          "overflow": "scroll",
          "position": "absolute",
          "right": 0,
          "top": 0,
        }
      }
    >
      <div
        className="module-list-item"
      >
        <div
          className="module-list-icon"
        >
          <span
            className="bar-icon"
          >
            <i
              className="zmdi zmdi-menu draggable-icon d-none d-sm-flex"
              style={
                Object {
                  "fontSize": 25,
                }
              }
            />
          </span>
          <span
            aria-disabled={false}
            className="MuiButtonBase-root MuiIconButton-root PrivateSwitchBase-root-1 MuiCheckbox-root MuiCheckbox-colorPrimary MuiIconButton-colorPrimary"
            onBlur={[Function]}
            onClick={[Function]}
            onDragLeave={[Function]}
            onFocus={[Function]}
            onKeyDown={[Function]}
            onKeyUp={[Function]}
            onMouseDown={[Function]}
            onMouseLeave={[Function]}
            onMouseUp={[Function]}
            onTouchEnd={[Function]}
            onTouchMove={[Function]}
            onTouchStart={[Function]}
            tabIndex={null}
          >
            <span
              className="MuiIconButton-label"
            >
              <input
                className="PrivateSwitchBase-input-4"
                data-indeterminate={false}
                onChange={[Function]}
                type="checkbox"
                value="SelectTodo"
              />
              <svg
                aria-hidden={true}
                className="MuiSvgIcon-root"
                focusable="false"
                viewBox="0 0 24 24"
              >
                <path
                  d="M19 5v14H5V5h14m0-2H5c-1.1 0-2 .9-2 2v14c0 1.1.9 2 2 2h14c1.1 0 2-.9 2-2V5c0-1.1-.9-2-2-2z"
                />
              </svg>
            </span>
          </span>
          <button
            className="MuiButtonBase-root MuiIconButton-root icon-btn"
            disabled={false}
            onBlur={[Function]}
            onClick={[Function]}
            onDragLeave={[Function]}
            onFocus={[Function]}
            onKeyDown={[Function]}
            onKeyUp={[Function]}
            onMouseDown={[Function]}
            onMouseLeave={[Function]}
            onMouseUp={[Function]}
            onTouchEnd={[Function]}
            onTouchMove={[Function]}
            onTouchStart={[Function]}
            tabIndex={0}
            type="button"
          >
            <span
              className="MuiIconButton-label"
            >
              <i
                className="zmdi zmdi-star-outline"
              />
            </span>
          </button>
        </div>
        <div
          className="module-list-info"
          onClick={[Function]}
        >
          <div
            className="row"
          >
            <div
              className="module-todo-content col-9 col-sm-10 col-md-11"
            >
              <div
                className="subject undefined"
              />
              <div
                className="manage-margin"
              />
            </div>
            <div
              className="module-todo-right col-3 col-sm-2 col-md-1"
            >
              <div
                className="d-flex flex-row-reverse"
              />
            </div>
          </div>
        </div>
      </div>
      <div
        className="module-list-item"
      >
        <div
          className="module-list-icon"
        >
          <span
            className="bar-icon"
          >
            <i
              className="zmdi zmdi-menu draggable-icon d-none d-sm-flex"
              style={
                Object {
                  "fontSize": 25,
                }
              }
            />
          </span>
          <span
            aria-disabled={false}
            className="MuiButtonBase-root MuiIconButton-root PrivateSwitchBase-root-1 MuiCheckbox-root MuiCheckbox-colorPrimary MuiIconButton-colorPrimary"
            onBlur={[Function]}
            onClick={[Function]}
            onDragLeave={[Function]}
            onFocus={[Function]}
            onKeyDown={[Function]}
            onKeyUp={[Function]}
            onMouseDown={[Function]}
            onMouseLeave={[Function]}
            onMouseUp={[Function]}
            onTouchEnd={[Function]}
            onTouchMove={[Function]}
            onTouchStart={[Function]}
            tabIndex={null}
          >
            <span
              className="MuiIconButton-label"
            >
              <input
                className="PrivateSwitchBase-input-4"
                data-indeterminate={false}
                onChange={[Function]}
                type="checkbox"
                value="SelectTodo"
              />
              <svg
                aria-hidden={true}
                className="MuiSvgIcon-root"
                focusable="false"
                viewBox="0 0 24 24"
              >
                <path
                  d="M19 5v14H5V5h14m0-2H5c-1.1 0-2 .9-2 2v14c0 1.1.9 2 2 2h14c1.1 0 2-.9 2-2V5c0-1.1-.9-2-2-2z"
                />
              </svg>
            </span>
          </span>
          <button
            className="MuiButtonBase-root MuiIconButton-root icon-btn"
            disabled={false}
            onBlur={[Function]}
            onClick={[Function]}
            onDragLeave={[Function]}
            onFocus={[Function]}
            onKeyDown={[Function]}
            onKeyUp={[Function]}
            onMouseDown={[Function]}
            onMouseLeave={[Function]}
            onMouseUp={[Function]}
            onTouchEnd={[Function]}
            onTouchMove={[Function]}
            onTouchStart={[Function]}
            tabIndex={0}
            type="button"
          >
            <span
              className="MuiIconButton-label"
            >
              <i
                className="zmdi zmdi-star-outline"
              />
            </span>
          </button>
        </div>
        <div
          className="module-list-info"
          onClick={[Function]}
        >
          <div
            className="row"
          >
            <div
              className="module-todo-content col-9 col-sm-10 col-md-11"
            >
              <div
                className="subject undefined"
              />
              <div
                className="manage-margin"
              />
            </div>
            <div
              className="module-todo-right col-3 col-sm-2 col-md-1"
            >
              <div
                className="d-flex flex-row-reverse"
              />
            </div>
          </div>
        </div>
      </div>
      <div
        className="module-list-item"
      >
        <div
          className="module-list-icon"
        >
          <span
            className="bar-icon"
          >
            <i
              className="zmdi zmdi-menu draggable-icon d-none d-sm-flex"
              style={
                Object {
                  "fontSize": 25,
                }
              }
            />
          </span>
          <span
            aria-disabled={false}
            className="MuiButtonBase-root MuiIconButton-root PrivateSwitchBase-root-1 MuiCheckbox-root MuiCheckbox-colorPrimary MuiIconButton-colorPrimary"
            onBlur={[Function]}
            onClick={[Function]}
            onDragLeave={[Function]}
            onFocus={[Function]}
            onKeyDown={[Function]}
            onKeyUp={[Function]}
            onMouseDown={[Function]}
            onMouseLeave={[Function]}
            onMouseUp={[Function]}
            onTouchEnd={[Function]}
            onTouchMove={[Function]}
            onTouchStart={[Function]}
            tabIndex={null}
          >
            <span
              className="MuiIconButton-label"
            >
              <input
                className="PrivateSwitchBase-input-4"
                data-indeterminate={false}
                onChange={[Function]}
                type="checkbox"
                value="SelectTodo"
              />
              <svg
                aria-hidden={true}
                className="MuiSvgIcon-root"
                focusable="false"
                viewBox="0 0 24 24"
              >
                <path
                  d="M19 5v14H5V5h14m0-2H5c-1.1 0-2 .9-2 2v14c0 1.1.9 2 2 2h14c1.1 0 2-.9 2-2V5c0-1.1-.9-2-2-2z"
                />
              </svg>
            </span>
          </span>
          <button
            className="MuiButtonBase-root MuiIconButton-root icon-btn"
            disabled={false}
            onBlur={[Function]}
            onClick={[Function]}
            onDragLeave={[Function]}
            onFocus={[Function]}
            onKeyDown={[Function]}
            onKeyUp={[Function]}
            onMouseDown={[Function]}
            onMouseLeave={[Function]}
            onMouseUp={[Function]}
            onTouchEnd={[Function]}
            onTouchMove={[Function]}
            onTouchStart={[Function]}
            tabIndex={0}
            type="button"
          >
            <span
              className="MuiIconButton-label"
            >
              <i
                className="zmdi zmdi-star-outline"
              />
            </span>
          </button>
        </div>
        <div
          className="module-list-info"
          onClick={[Function]}
        >
          <div
            className="row"
          >
            <div
              className="module-todo-content col-9 col-sm-10 col-md-11"
            >
              <div
                className="subject undefined"
              />
              <div
                className="manage-margin"
              />
            </div>
            <div
              className="module-todo-right col-3 col-sm-2 col-md-1"
            >
              <div
                className="d-flex flex-row-reverse"
              />
            </div>
          </div>
        </div>
      </div>
    </div>
    <div
      className="track-horizontal"
      style={
        Object {
          "display": "none",
        }
      }
    >
      <div
        style={
          Object {
            "backgroundColor": "rgba(0,0,0,.2)",
            "borderRadius": "inherit",
            "cursor": "pointer",
            "display": "block",
            "height": "100%",
            "position": "relative",
          }
        }
      />
    </div>
    <div
      style={
        Object {
          "borderRadius": 3,
          "bottom": 2,
          "display": "none",
          "opacity": 0,
          "position": "absolute",
          "right": 2,
          "top": 2,
          "transition": "opacity 200ms",
          "width": 6,
        }
      }
    >
      <div
        style={
          Object {
            "backgroundColor": "rgba(0,0,0,.2)",
            "borderRadius": "inherit",
            "cursor": "pointer",
            "display": "block",
            "position": "relative",
            "width": "100%",
          }
        }
      />
    </div>
  </div>
</div>
`;
