// Jest Snapshot v1, https://goo.gl/fbAQLP

exports[`ActivityBox renders correctly 1`] = `
<div
  className="list-group-item d-flex justify-content-between text-center border-left-0 border-right-0 undefined"
>
  <div
    className="my-2"
  >
    <div
      className="mb-1 text-muted"
    >
      Page / Visit
    </div>
    <div
      className="text-grey text-darken-3"
    />
  </div>
  <div
    className="my-2"
  >
    <div
      className="mb-1 text-muted"
    >
      % New Visit
    </div>
    <div
      className="text-grey text-darken-3"
    />
  </div>
  <div
    className="my-2"
  >
    <div
      className="mb-1 text-muted"
    >
      Last Week Visit
    </div>
    <div
      className="text-grey text-darken-3"
    />
  </div>
</div>
`;
